Fri Mar 31 11:29:51 DST 2017
/mnt/c/l/python/code_python
Fri Mar 31 16:04:19 DST 2017
